Archive member included to satisfy reference by file (symbol)

c:/mounriver/mrs_community/toolchain/risc-v embedded gcc/bin/../lib/gcc/riscv-none-embed/8.2.0/rv32imac/ilp32\libgcc.a(save-restore.o)
                              ./User/ili9341.o (__riscv_save_11)
c:/mounriver/mrs_community/toolchain/risc-v embedded gcc/bin/../lib/gcc/riscv-none-embed/8.2.0/../../../../riscv-none-embed/lib/rv32imac/ilp32\libg_nano.a(lib_a-printf.o)
                              ./User/main.o (printf)
c:/mounriver/mrs_community/toolchain/risc-v embedded gcc/bin/../lib/gcc/riscv-none-embed/8.2.0/../../../../riscv-none-embed/lib/rv32imac/ilp32\libg_nano.a(lib_a-puts.o)
                              ./User/main.o (puts)
c:/mounriver/mrs_community/toolchain/risc-v embedded gcc/bin/../lib/gcc/riscv-none-embed/8.2.0/../../../../riscv-none-embed/lib/rv32imac/ilp32\libg_nano.a(lib_a-wbuf.o)
                              c:/mounriver/mrs_community/toolchain/risc-v embedded gcc/bin/../lib/gcc/riscv-none-embed/8.2.0/../../../../riscv-none-embed/lib/rv32imac/ilp32\libg_nano.a(lib_a-puts.o) (__swbuf_r)
c:/mounriver/mrs_community/toolchain/risc-v embedded gcc/bin/../lib/gcc/riscv-none-embed/8.2.0/../../../../riscv-none-embed/lib/rv32imac/ilp32\libg_nano.a(lib_a-wsetup.o)
                              c:/mounriver/mrs_community/toolchain/risc-v embedded gcc/bin/../lib/gcc/riscv-none-embed/8.2.0/../../../../riscv-none-embed/lib/rv32imac/ilp32\libg_nano.a(lib_a-puts.o) (__swsetup_r)
c:/mounriver/mrs_community/toolchain/risc-v embedded gcc/bin/../lib/gcc/riscv-none-embed/8.2.0/../../../../riscv-none-embed/lib/rv32imac/ilp32\libg_nano.a(lib_a-fflush.o)
                              c:/mounriver/mrs_community/toolchain/risc-v embedded gcc/bin/../lib/gcc/riscv-none-embed/8.2.0/../../../../riscv-none-embed/lib/rv32imac/ilp32\libg_nano.a(lib_a-wbuf.o) (_fflush_r)
c:/mounriver/mrs_community/toolchain/risc-v embedded gcc/bin/../lib/gcc/riscv-none-embed/8.2.0/../../../../riscv-none-embed/lib/rv32imac/ilp32\libg_nano.a(lib_a-findfp.o)
                              c:/mounriver/mrs_community/toolchain/risc-v embedded gcc/bin/../lib/gcc/riscv-none-embed/8.2.0/../../../../riscv-none-embed/lib/rv32imac/ilp32\libg_nano.a(lib_a-printf.o) (__sinit)
c:/mounriver/mrs_community/toolchain/risc-v embedded gcc/bin/../lib/gcc/riscv-none-embed/8.2.0/../../../../riscv-none-embed/lib/rv32imac/ilp32\libg_nano.a(lib_a-fwalk.o)
                              c:/mounriver/mrs_community/toolchain/risc-v embedded gcc/bin/../lib/gcc/riscv-none-embed/8.2.0/../../../../riscv-none-embed/lib/rv32imac/ilp32\libg_nano.a(lib_a-findfp.o) (_fwalk)
c:/mounriver/mrs_community/toolchain/risc-v embedded gcc/bin/../lib/gcc/riscv-none-embed/8.2.0/../../../../riscv-none-embed/lib/rv32imac/ilp32\libg_nano.a(lib_a-impure.o)
                              c:/mounriver/mrs_community/toolchain/risc-v embedded gcc/bin/../lib/gcc/riscv-none-embed/8.2.0/../../../../riscv-none-embed/lib/rv32imac/ilp32\libg_nano.a(lib_a-fflush.o) (_global_impure_ptr)
c:/mounriver/mrs_community/toolchain/risc-v embedded gcc/bin/../lib/gcc/riscv-none-embed/8.2.0/../../../../riscv-none-embed/lib/rv32imac/ilp32\libg_nano.a(lib_a-makebuf.o)
                              c:/mounriver/mrs_community/toolchain/risc-v embedded gcc/bin/../lib/gcc/riscv-none-embed/8.2.0/../../../../riscv-none-embed/lib/rv32imac/ilp32\libg_nano.a(lib_a-wsetup.o) (__smakebuf_r)
c:/mounriver/mrs_community/toolchain/risc-v embedded gcc/bin/../lib/gcc/riscv-none-embed/8.2.0/../../../../riscv-none-embed/lib/rv32imac/ilp32\libg_nano.a(lib_a-memset.o)
                              c:/mounriver/mrs_community/toolchain/risc-v embedded gcc/bin/../lib/gcc/riscv-none-embed/8.2.0/../../../../riscv-none-embed/lib/rv32imac/ilp32\libg_nano.a(lib_a-findfp.o) (memset)
c:/mounriver/mrs_community/toolchain/risc-v embedded gcc/bin/../lib/gcc/riscv-none-embed/8.2.0/../../../../riscv-none-embed/lib/rv32imac/ilp32\libg_nano.a(lib_a-nano-freer.o)
                              c:/mounriver/mrs_community/toolchain/risc-v embedded gcc/bin/../lib/gcc/riscv-none-embed/8.2.0/../../../../riscv-none-embed/lib/rv32imac/ilp32\libg_nano.a(lib_a-wsetup.o) (_free_r)
c:/mounriver/mrs_community/toolchain/risc-v embedded gcc/bin/../lib/gcc/riscv-none-embed/8.2.0/../../../../riscv-none-embed/lib/rv32imac/ilp32\libg_nano.a(lib_a-nano-mallocr.o)
                              c:/mounriver/mrs_community/toolchain/risc-v embedded gcc/bin/../lib/gcc/riscv-none-embed/8.2.0/../../../../riscv-none-embed/lib/rv32imac/ilp32\libg_nano.a(lib_a-findfp.o) (_malloc_r)
c:/mounriver/mrs_community/toolchain/risc-v embedded gcc/bin/../lib/gcc/riscv-none-embed/8.2.0/../../../../riscv-none-embed/lib/rv32imac/ilp32\libg_nano.a(lib_a-nano-vfprintf.o)
                              c:/mounriver/mrs_community/toolchain/risc-v embedded gcc/bin/../lib/gcc/riscv-none-embed/8.2.0/../../../../riscv-none-embed/lib/rv32imac/ilp32\libg_nano.a(lib_a-printf.o) (_vfprintf_r)
[...]
Memory Configuration

Name             Origin             Length             Attributes
FLASH            0x0000000000000000 0x0000000000048000 xr
RAM              0x0000000020000000 0x0000000000008000 xrw
*default*        0x0000000000000000 0xffffffffffffffff

Linker script and memory map

LOAD ./User/ch32v30x_it.o
LOAD ./User/fonts.o
LOAD ./User/ili9341.o
LOAD ./User/main.o
LOAD ./User/system_ch32v30x.o
LOAD ./Startup/startup_ch32v30x_D8C.o
LOAD ./Peripheral/src/ch32v30x_adc.o
LOAD ./Peripheral/src/ch32v30x_bkp.o
LOAD ./Peripheral/src/ch32v30x_can.o
LOAD ./Peripheral/src/ch32v30x_crc.o
LOAD ./Peripheral/src/ch32v30x_dac.o
LOAD ./Peripheral/src/ch32v30x_dbgmcu.o
LOAD ./Peripheral/src/ch32v30x_dma.o
LOAD ./Peripheral/src/ch32v30x_dvp.o
LOAD ./Peripheral/src/ch32v30x_eth.o
LOAD ./Peripheral/src/ch32v30x_exti.o
LOAD ./Peripheral/src/ch32v30x_flash.o
LOAD ./Peripheral/src/ch32v30x_fsmc.o
LOAD ./Peripheral/src/ch32v30x_gpio.o
LOAD ./Peripheral/src/ch32v30x_i2c.o
LOAD ./Peripheral/src/ch32v30x_iwdg.o
LOAD ./Peripheral/src/ch32v30x_misc.o
LOAD ./Peripheral/src/ch32v30x_opa.o
LOAD ./Peripheral/src/ch32v30x_pwr.o
LOAD ./Peripheral/src/ch32v30x_rcc.o
LOAD ./Peripheral/src/ch32v30x_rng.o
LOAD ./Peripheral/src/ch32v30x_rtc.o
LOAD ./Peripheral/src/ch32v30x_sdio.o
LOAD ./Peripheral/src/ch32v30x_spi.o
LOAD ./Peripheral/src/ch32v30x_tim.o
LOAD ./Peripheral/src/ch32v30x_usart.o
LOAD ./Peripheral/src/ch32v30x_wwdg.o
LOAD ./Debug/debug.o
LOAD ./Core/core_riscv.o
LOAD c:/mounriver/mrs_community/toolchain/risc-v embedded gcc/bin/../lib/gcc/riscv-none-embed/8.2.0/../../../../riscv-none-embed/lib/rv32imac/ilp32\libm.a
LOAD c:/mounriver/mrs_community/toolchain/risc-v embedded gcc/bin/../lib/gcc/riscv-none-embed/8.2.0/rv32imac/ilp32\libgcc.a
LOAD c:/mounriver/mrs_community/toolchain/risc-v embedded gcc/bin/../lib/gcc/riscv-none-embed/8.2.0/../../../../riscv-none-embed/lib/rv32imac/ilp32\libg_nano.a
LOAD c:/mounriver/mrs_community/toolchain/risc-v embedded gcc/bin/../lib/gcc/riscv-none-embed/8.2.0/../../../../riscv-none-embed/lib/rv32imac/ilp32\libc_nano.a
LOAD c:/mounriver/mrs_community/toolchain/risc-v embedded gcc/bin/../lib/gcc/riscv-none-embed/8.2.0/rv32imac/ilp32\libgcc.a
START GROUP
LOAD c:/mounriver/mrs_community/toolchain/risc-v embedded gcc/bin/../lib/gcc/riscv-none-embed/8.2.0/rv32imac/ilp32\libgcc.a
LOAD c:/mounriver/mrs_community/toolchain/risc-v embedded gcc/bin/../lib/gcc/riscv-none-embed/8.2.0/../../../../riscv-none-embed/lib/rv32imac/ilp32\libc_nano.a
LOAD c:/mounriver/mrs_community/toolchain/risc-v embedded gcc/bin/../lib/gcc/riscv-none-embed/8.2.0/../../../../riscv-none-embed/lib/rv32imac/ilp32\libnosys.a
END GROUP
START GROUP
LOAD c:/mounriver/mrs_community/toolchain/risc-v embedded gcc/bin/../lib/gcc/riscv-none-embed/8.2.0/rv32imac/ilp32\libgcc.a
LOAD c:/mounriver/mrs_community/toolchain/risc-v embedded gcc/bin/../lib/gcc/riscv-none-embed/8.2.0/../../../../riscv-none-embed/lib/rv32imac/ilp32\libc_nano.a
LOAD c:/mounriver/mrs_community/toolchain/risc-v embedded gcc/bin/../lib/gcc/riscv-none-embed/8.2.0/../../../../riscv-none-embed/lib/rv32imac/ilp32\libnosys.a
END GROUP
                0x0000000000000800                __stack_size = 0x800
                [!provide]                        PROVIDE (_stack_size = __stack_size)

.init           0x0000000000000000       0x38
                0x0000000000000000                _sinit = .
                0x0000000000000000                . = ALIGN (0x4)
 *(SORT_NONE(.init))
 .init          0x0000000000000000       0x38 ./Startup/startup_ch32v30x_D8C.o
                0x0000000000000000                _start
                0x0000000000000038                . = ALIGN (0x4)
                0x0000000000000038                _einit = .

.vector         0x0000000000000038      0x1c8
 *(.vector)
 .vector        0x0000000000000038      0x1a0 ./Startup/startup_ch32v30x_D8C.o
                0x0000000000000200                . = ALIGN (0x40)
 *fill*         0x00000000000001d8       0x28 

.text           0x0000000000000200     0x3178
                0x0000000000000200                . = ALIGN (0x4)
 *(.text)
 .text          0x0000000000000200       0x60 c:/mounriver/mrs_community/toolchain/risc-v embedded gcc/bin/../lib/gcc/riscv-none-embed/8.2.0/rv32imac/ilp32\libgcc.a(save-restore.o)
                0x0000000000000200                __riscv_save_12
                0x0000000000000208                __riscv_save_9
                0x0000000000000208                __riscv_save_11
                0x0000000000000208                __riscv_save_10
                0x0000000000000208                __riscv_save_8
                0x0000000000000216                __riscv_save_4
                0x0000000000000216                __riscv_save_6
                0x0000000000000216                __riscv_save_5
                0x0000000000000216                __riscv_save_7
                0x0000000000000230                __riscv_save_3
                0x0000000000000230                __riscv_save_2
                0x0000000000000230                __riscv_save_1
                0x0000000000000230                __riscv_save_0
                0x000000000000023c                __riscv_restore_12
                0x0000000000000240                __riscv_restore_11
                0x0000000000000240                __riscv_restore_9
                0x0000000000000240                __riscv_restore_10
                0x0000000000000240                __riscv_restore_8
                0x000000000000024a                __riscv_restore_5
                0x000000000000024a                __riscv_restore_7
                0x000000000000024a                __riscv_restore_6
                0x000000000000024a                __riscv_restore_4
                0x0000000000000254                __riscv_restore_3
                0x0000000000000254                __riscv_restore_0
                0x0000000000000254                __riscv_restore_2
                0x0000000000000254                __riscv_restore_1
 .text          0x0000000000000260       0xa8 c:/mounriver/mrs_community/toolchain/risc-v embedded gcc/bin/../lib/gcc/riscv-none-embed/8.2.0/../../../../riscv-none-embed/lib/rv32imac/ilp32\libg_nano.a(lib_a-memset.o)
                0x0000000000000260                memset
 *(.text.*)
 .text.NMI_Handler
                0x0000000000000308        0x4 ./User/ch32v30x_it.o
                0x0000000000000308                NMI_Handler
 .text.HardFault_Handler
                0x000000000000030c        0x2 ./User/ch32v30x_it.o
                0x000000000000030c                HardFault_Handler
 .text.RESET_L  0x000000000000030e       0x16 ./User/ili9341.o
                0x000000000000030e                RESET_L
 .text.RESET_H  0x0000000000000324       0x16 ./User/ili9341.o
                0x0000000000000324                RESET_H
 .text.CS_L     0x000000000000033a       0x16 ./User/ili9341.o
                0x000000000000033a                CS_L
 .text.DC_L     0x0000000000000350       0x16 ./User/ili9341.o
                0x0000000000000350                DC_L
 .text.ILI9341_SoftReset
                0x0000000000000366       0x20 ./User/ili9341.o
                0x0000000000000366                ILI9341_SoftReset
 .text.LCD_WR_REG
                0x0000000000000386       0x22 ./User/ili9341.o
                0x0000000000000386                LCD_WR_REG
 .text.DC_H     0x00000000000003a8       0x16 ./User/ili9341.o
                0x00000000000003a8                DC_H
 .text.LCD_WR_DATA
                0x00000000000003be       0x22 ./User/ili9341.o
                0x00000000000003be                LCD_WR_DATA
 .text.ILI9341_SetWindow
                0x00000000000003e0       0x4a ./User/ili9341.o
                0x00000000000003e0                ILI9341_SetWindow
 .text.LCD_direction
                0x000000000000042a       0x52 ./User/ili9341.o
                0x000000000000042a                LCD_direction
 .text.ILI9341_FillRect
                0x000000000000047c       0x9a ./User/ili9341.o
                0x000000000000047c                ILI9341_FillRect
 .text.ILI9341_FillScreen
                0x0000000000000516       0x16 ./User/ili9341.o
                0x0000000000000516                ILI9341_FillScreen
 .text.ILI9341_WriteData
                0x000000000000052c       0x30 ./User/ili9341.o
                0x000000000000052c                ILI9341_WriteData
 .text.ILI9341_WriteChar
                0x000000000000055c       0xa0 ./User/ili9341.o
                0x000000000000055c                ILI9341_WriteChar
 .text.ILI9341_WriteString
                0x00000000000005fc       0x74 ./User/ili9341.o
                0x00000000000005fc                ILI9341_WriteString
 .text.LED_H    0x0000000000000670       0x16 ./User/ili9341.o
                0x0000000000000670                LED_H
 .text.ILI9341_Reset
                0x0000000000000686       0x1e ./User/ili9341.o
                0x0000000000000686                ILI9341_Reset
 .text.ILI9341_Init
                0x00000000000006a4      0x1c6 ./User/ili9341.o
                0x00000000000006a4                ILI9341_Init
 .text.MCU_INIT
                0x000000000000086a       0xd2 ./User/main.o
                0x000000000000086a                MCU_INIT
 .text.main     0x000000000000093c       0xb8 ./User/main.o
                0x000000000000093c                main
 .text.SystemInit
                0x00000000000009f4      0x104 ./User/system_ch32v30x.o
                0x00000000000009f4                SystemInit
 .text.SystemCoreClockUpdate
                0x0000000000000af8      0x118 ./User/system_ch32v30x.o
                0x0000000000000af8                SystemCoreClockUpdate
 .text.vector_handler
                0x0000000000000c10       0xbe ./Startup/startup_ch32v30x_D8C.o
                0x0000000000000c14                Ecall_M_Mode_Handler
                0x0000000000000c16                Ecall_U_Mode_Handler
                0x0000000000000c18                Break_Point_Handler
                0x0000000000000c1a                SysTick_Handler
                0x0000000000000c1c                SW_Handler
                0x0000000000000c1e                WWDG_IRQHandler
                0x0000000000000c20                PVD_IRQHandler
                0x0000000000000c22                TAMPER_IRQHandler
                0x0000000000000c24                RTC_IRQHandler
                0x0000000000000c26                FLASH_IRQHandler
                0x0000000000000c28                RCC_IRQHandler
                0x0000000000000c2a                EXTI0_IRQHandler
                0x0000000000000c2c                EXTI1_IRQHandler
                0x0000000000000c2e                EXTI2_IRQHandler
                0x0000000000000c30                EXTI3_IRQHandler
                0x0000000000000c32                EXTI4_IRQHandler
                0x0000000000000c34                DMA1_Channel1_IRQHandler
                0x0000000000000c36                DMA1_Channel2_IRQHandler
                0x0000000000000c38                DMA1_Channel3_IRQHandler
                0x0000000000000c3a                DMA1_Channel4_IRQHandler
                0x0000000000000c3c                DMA1_Channel5_IRQHandler
                0x0000000000000c3e                DMA1_Channel6_IRQHandler
                0x0000000000000c40                DMA1_Channel7_IRQHandler
                0x0000000000000c42                ADC1_2_IRQHandler
                0x0000000000000c44                USB_HP_CAN1_TX_IRQHandler
                0x0000000000000c46                USB_LP_CAN1_RX0_IRQHandler
                0x0000000000000c48                CAN1_RX1_IRQHandler
                0x0000000000000c4a                CAN1_SCE_IRQHandler
                0x0000000000000c4c                EXTI9_5_IRQHandler
                0x0000000000000c4e                TIM1_BRK_IRQHandler
                0x0000000000000c50                TIM1_UP_IRQHandler
                0x0000000000000c52                TIM1_TRG_COM_IRQHandler
                0x0000000000000c54                TIM1_CC_IRQHandler
                0x0000000000000c56                TIM2_IRQHandler
                0x0000000000000c58                TIM3_IRQHandler
                0x0000000000000c5a                TIM4_IRQHandler
                0x0000000000000c5c                I2C1_EV_IRQHandler
                0x0000000000000c5e                I2C1_ER_IRQHandler
                0x0000000000000c60                I2C2_EV_IRQHandler
                0x0000000000000c62                I2C2_ER_IRQHandler
                0x0000000000000c64                SPI1_IRQHandler
                0x0000000000000c66                SPI2_IRQHandler
                0x0000000000000c68                USART1_IRQHandler
                0x0000000000000c6a                USART2_IRQHandler
                0x0000000000000c6c                USART3_IRQHandler
                0x0000000000000c6e                EXTI15_10_IRQHandler
                0x0000000000000c70                RTCAlarm_IRQHandler
                0x0000000000000c72                USBWakeUp_IRQHandler
                0x0000000000000c74                TIM8_BRK_IRQHandler
                0x0000000000000c76                TIM8_UP_IRQHandler
                0x0000000000000c78                TIM8_TRG_COM_IRQHandler
                0x0000000000000c7a                TIM8_CC_IRQHandler
                0x0000000000000c7c                RNG_IRQHandler
                0x0000000000000c7e                FSMC_IRQHandler
                0x0000000000000c80                SDIO_IRQHandler
                0x0000000000000c82                TIM5_IRQHandler
                0x0000000000000c84                SPI3_IRQHandler
                0x0000000000000c86                UART4_IRQHandler
                0x0000000000000c88                UART5_IRQHandler
                0x0000000000000c8a                TIM6_IRQHandler
                0x0000000000000c8c                TIM7_IRQHandler
                0x0000000000000c8e                DMA2_Channel1_IRQHandler
                0x0000000000000c90                DMA2_Channel2_IRQHandler
                0x0000000000000c92                DMA2_Channel3_IRQHandler
                0x0000000000000c94                DMA2_Channel4_IRQHandler
                0x0000000000000c96                DMA2_Channel5_IRQHandler
                0x0000000000000c98                ETH_IRQHandler
                0x0000000000000c9a                ETH_WKUP_IRQHandler
                0x0000000000000c9c                CAN2_TX_IRQHandler
                0x0000000000000c9e                CAN2_RX0_IRQHandler
                0x0000000000000ca0                CAN2_RX1_IRQHandler
                0x0000000000000ca2                CAN2_SCE_IRQHandler
                0x0000000000000ca4                OTG_FS_IRQHandler
                0x0000000000000ca6                USBHSWakeup_IRQHandler
                0x0000000000000ca8                USBHS_IRQHandler
                0x0000000000000caa                DVP_IRQHandler
                0x0000000000000cac                UART6_IRQHandler
                0x0000000000000cae                UART7_IRQHandler
                0x0000000000000cb0                UART8_IRQHandler
                0x0000000000000cb2                TIM9_BRK_IRQHandler
                0x0000000000000cb4                TIM9_UP_IRQHandler
                0x0000000000000cb6                TIM9_TRG_COM_IRQHandler
                0x0000000000000cb8                TIM9_CC_IRQHandler
                0x0000000000000cba                TIM10_BRK_IRQHandler
                0x0000000000000cbc                TIM10_UP_IRQHandler
                0x0000000000000cbe                TIM10_TRG_COM_IRQHandler
                0x0000000000000cc0                TIM10_CC_IRQHandler
                0x0000000000000cc2                DMA2_Channel6_IRQHandler
                0x0000000000000cc4                DMA2_Channel7_IRQHandler
                0x0000000000000cc6                DMA2_Channel8_IRQHandler
                0x0000000000000cc8                DMA2_Channel9_IRQHandler
                0x0000000000000cca                DMA2_Channel10_IRQHandler
                0x0000000000000ccc                DMA2_Channel11_IRQHandler
 .text.handle_reset
                0x0000000000000cce       0x8a ./Startup/startup_ch32v30x_D8C.o
                0x0000000000000cce                handle_reset
 .text.DBGMCU_GetCHIPID
                0x0000000000000d58        0xa ./Peripheral/src/ch32v30x_dbgmcu.o
                0x0000000000000d58                DBGMCU_GetCHIPID
 .text.GPIO_Init
                0x0000000000000d62       0xca ./Peripheral/src/ch32v30x_gpio.o
                0x0000000000000d62                GPIO_Init
 .text.GPIO_WriteBit
                0x0000000000000e2c        0xa ./Peripheral/src/ch32v30x_gpio.o
                0x0000000000000e2c                GPIO_WriteBit
 .text.NVIC_PriorityGroupConfig
                0x0000000000000e36        0x6 ./Peripheral/src/ch32v30x_misc.o
                0x0000000000000e36                NVIC_PriorityGroupConfig
 .text.RCC_GetClocksFreq
                0x0000000000000e3c      0x1d8 ./Peripheral/src/ch32v30x_rcc.o
                0x0000000000000e3c                RCC_GetClocksFreq
 .text.RCC_APB2PeriphClockCmd
                0x0000000000001014       0x1e ./Peripheral/src/ch32v30x_rcc.o
                0x0000000000001014                RCC_APB2PeriphClockCmd
 .text.SPI_Init
                0x0000000000001032       0x5a ./Peripheral/src/ch32v30x_spi.o
                0x0000000000001032                SPI_Init
 .text.SPI_Cmd  0x000000000000108c       0x26 ./Peripheral/src/ch32v30x_spi.o
                0x000000000000108c                SPI_Cmd
 .text.SPI_I2S_SendData
                0x00000000000010b2        0x6 ./Peripheral/src/ch32v30x_spi.o
                0x00000000000010b2                SPI_I2S_SendData
 .text.SPI_I2S_GetFlagStatus
                0x00000000000010b8        0xc ./Peripheral/src/ch32v30x_spi.o
                0x00000000000010b8                SPI_I2S_GetFlagStatus
 .text.USART_Init
                0x00000000000010c4       0xf0 ./Peripheral/src/ch32v30x_usart.o
                0x00000000000010c4                USART_Init
 .text.USART_Cmd
                0x00000000000011b4       0x20 ./Peripheral/src/ch32v30x_usart.o
                0x00000000000011b4                USART_Cmd
 .text.USART_SendData
                0x00000000000011d4        0xa ./Peripheral/src/ch32v30x_usart.o
                0x00000000000011d4                USART_SendData
 .text.USART_GetFlagStatus
                0x00000000000011de        0xc ./Peripheral/src/ch32v30x_usart.o
                0x00000000000011de                USART_GetFlagStatus
 .text.Delay_Init
                0x00000000000011ea       0x26 ./Debug/debug.o
                0x00000000000011ea                Delay_Init
 .text.Delay_Ms
                0x0000000000001210       0x3e ./Debug/debug.o
                0x0000000000001210                Delay_Ms
 .text.USART_Printf_Init
                0x000000000000124e       0x60 ./Debug/debug.o
                0x000000000000124e                USART_Printf_Init
 .text._write   0x00000000000012ae       0x3a ./Debug/debug.o
                0x00000000000012ae                _write
 .text._sbrk    0x00000000000012e8       0x2a ./Debug/debug.o
                0x00000000000012e8                _sbrk
 .text.printf   0x0000000000001312       0x40 c:/mounriver/mrs_community/toolchain/risc-v embedded gcc/bin/../lib/gcc/riscv-none-embed/8.2.0/../../../../riscv-none-embed/lib/rv32imac/ilp32\libg_nano.a(lib_a-printf.o)
                0x0000000000001312                iprintf
                0x0000000000001312                printf
 .text._puts_r  0x0000000000001352       0xda c:/mounriver/mrs_community/toolchain/risc-v embedded gcc/bin/../lib/gcc/riscv-none-embed/8.2.0/../../../../riscv-none-embed/lib/rv32imac/ilp32\libg_nano.a(lib_a-puts.o)
                0x0000000000001352                _puts_r
 .text.puts     0x000000000000142c        0xa c:/mounriver/mrs_community/toolchain/risc-v embedded gcc/bin/../lib/gcc/riscv-none-embed/8.2.0/../../../../riscv-none-embed/lib/rv32imac/ilp32\libg_nano.a(lib_a-puts.o)
                0x000000000000142c                puts
 .text.__swbuf_r
                0x0000000000001436       0xc0 c:/mounriver/mrs_community/toolchain/risc-v embedded gcc/bin/../lib/gcc/riscv-none-embed/8.2.0/../../../../riscv-none-embed/lib/rv32imac/ilp32\libg_nano.a(lib_a-wbuf.o)
                0x0000000000001436                __swbuf_r
 .text.__swsetup_r
                0x00000000000014f6      0x10c c:/mounriver/mrs_community/toolchain/risc-v embedded gcc/bin/../lib/gcc/riscv-none-embed/8.2.0/../../../../riscv-none-embed/lib/rv32imac/ilp32\libg_nano.a(lib_a-wsetup.o)
                0x00000000000014f6                __swsetup_r
 .text.__sflush_r
                0x0000000000001602      0x13c c:/mounriver/mrs_community/toolchain/risc-v embedded gcc/bin/../lib/gcc/riscv-none-embed/8.2.0/../../../../riscv-none-embed/lib/rv32imac/ilp32\libg_nano.a(lib_a-fflush.o)
                0x0000000000001602                __sflush_r
 .text._fflush_r
                0x000000000000173e       0x64 c:/mounriver/mrs_community/toolchain/risc-v embedded gcc/bin/../lib/gcc/riscv-none-embed/8.2.0/../../../../riscv-none-embed/lib/rv32imac/ilp32\libg_nano.a(lib_a-fflush.o)
                0x000000000000173e                _fflush_r
 .text.std      0x00000000000017a2       0x6a c:/mounriver/mrs_community/toolchain/risc-v embedded gcc/bin/../lib/gcc/riscv-none-embed/8.2.0/../../../../riscv-none-embed/lib/rv32imac/ilp32\libg_nano.a(lib_a-findfp.o)
 .text._cleanup_r
                0x000000000000180c        0xa c:/mounriver/mrs_community/toolchain/risc-v embedded gcc/bin/../lib/gcc/riscv-none-embed/8.2.0/../../../../riscv-none-embed/lib/rv32imac/ilp32\libg_nano.a(lib_a-findfp.o)
                0x000000000000180c                _cleanup_r
 .text.__sfmoreglue
                0x0000000000001816       0x46 c:/mounriver/mrs_community/toolchain/risc-v embedded gcc/bin/../lib/gcc/riscv-none-embed/8.2.0/../../../../riscv-none-embed/lib/rv32imac/ilp32\libg_nano.a(lib_a-findfp.o)
                0x0000000000001816                __sfmoreglue
 .text.__sinit  0x000000000000185c       0x66 c:/mounriver/mrs_community/toolchain/risc-v embedded gcc/bin/../lib/gcc/riscv-none-embed/8.2.0/../../../../riscv-none-embed/lib/rv32imac/ilp32\libg_nano.a(lib_a-findfp.o)
                0x000000000000185c                __sinit
 .text.__sfp    0x00000000000018c2       0x9c c:/mounriver/mrs_community/toolchain/risc-v embedded gcc/bin/../lib/gcc/riscv-none-embed/8.2.0/../../../../riscv-none-embed/lib/rv32imac/ilp32\libg_nano.a(lib_a-findfp.o)
                0x00000000000018c2                __sfp
 .text._fwalk_reent
                0x000000000000195e       0x6c c:/mounriver/mrs_community/toolchain/risc-v embedded gcc/bin/../lib/gcc/riscv-none-embed/8.2.0/../../../../riscv-none-embed/lib/rv32imac/ilp32\libg_nano.a(lib_a-fwalk.o)
                0x000000000000195e                _fwalk_reent
 .text.__swhatbuf_r
                0x00000000000019ca       0x5a c:/mounriver/mrs_community/toolchain/risc-v embedded gcc/bin/../lib/gcc/riscv-none-embed/8.2.0/../../../../riscv-none-embed/lib/rv32imac/ilp32\libg_nano.a(lib_a-makebuf.o)
                0x00000000000019ca                __swhatbuf_r
 .text.__smakebuf_r
                0x0000000000001a24       0x9e c:/mounriver/mrs_community/toolchain/risc-v embedded gcc/bin/../lib/gcc/riscv-none-embed/8.2.0/../../../../riscv-none-embed/lib/rv32imac/ilp32\libg_nano.a(lib_a-makebuf.o)
                0x0000000000001a24                __smakebuf_r
 .text._free_r  0x0000000000001ac2       0xa8 c:/mounriver/mrs_community/toolchain/risc-v embedded gcc/bin/../lib/gcc/riscv-none-embed/8.2.0/../../../../riscv-none-embed/lib/rv32imac/ilp32\libg_nano.a(lib_a-nano-freer.o)
                0x0000000000001ac2                _free_r
 .text._malloc_r
                0x0000000000001b6a       0xd4 c:/mounriver/mrs_community/toolchain/risc-v embedded gcc/bin/../lib/gcc/riscv-none-embed/8.2.0/../../../../riscv-none-embed/lib/rv32imac/ilp32\libg_nano.a(lib_a-nano-mallocr.o)
                0x0000000000001b6a                _malloc_r
 .text.__sfputc_r
                0x0000000000001c3e       0x2a c:/mounriver/mrs_community/toolchain/risc-v embedded gcc/bin/../lib/gcc/riscv-none-embed/8.2.0/../../../../riscv-none-embed/lib/rv32imac/ilp32\libg_nano.a(lib_a-nano-vfprintf.o)
 .text.__sfputs_r
                0x0000000000001c68       0x42 c:/mounriver/mrs_community/toolchain/risc-v embedded gcc/bin/../lib/gcc/riscv-none-embed/8.2.0/../../../../riscv-none-embed/lib/rv32imac/ilp32\libg_nano.a(lib_a-nano-vfprintf.o)
                0x0000000000001c68                __sfputs_r
 .text._vfprintf_r
                0x0000000000001caa      0x29a c:/mounriver/mrs_community/toolchain/risc-v embedded gcc/bin/../lib/gcc/riscv-none-embed/8.2.0/../../../../riscv-none-embed/lib/rv32imac/ilp32\libg_nano.a(lib_a-nano-vfprintf.o)
                0x0000000000001caa                _vfprintf_r
                0x0000000000001caa                _vfiprintf_r
 .text._printf_common
                0x0000000000001f44      0x10c c:/mounriver/mrs_community/toolchain/risc-v embedded gcc/bin/../lib/gcc/riscv-none-embed/8.2.0/../../../../riscv-none-embed/lib/rv32imac/ilp32\libg_nano.a(lib_a-nano-vfprintf_i.o)
                0x0000000000001f44                _printf_common
 .text._printf_i
                0x0000000000002050      0x2aa c:/mounriver/mrs_community/toolchain/risc-v embedded gcc/bin/../lib/gcc/riscv-none-embed/8.2.0/../../../../riscv-none-embed/lib/rv32imac/ilp32\libg_nano.a(lib_a-nano-vfprintf_i.o)
                0x0000000000002050                _printf_i
 .text._sbrk_r  0x00000000000022fa       0x2a c:/mounriver/mrs_community/toolchain/risc-v embedded gcc/bin/../lib/gcc/riscv-none-embed/8.2.0/../../../../riscv-none-embed/lib/rv32imac/ilp32\libg_nano.a(lib_a-sbrkr.o)
                0x00000000000022fa                _sbrk_r
 .text.__sread  0x0000000000002324       0x30 c:/mounriver/mrs_community/toolchain/risc-v embedded gcc/bin/../lib/gcc/riscv-none-embed/8.2.0/../../../../riscv-none-embed/lib/rv32imac/ilp32\libg_nano.a(lib_a-stdio.o)
                0x0000000000002324                __sread
 .text.__swrite
                0x0000000000002354       0x4e c:/mounriver/mrs_community/toolchain/risc-v embedded gcc/bin/../lib/gcc/riscv-none-embed/8.2.0/../../../../riscv-none-embed/lib/rv32imac/ilp32\libg_nano.a(lib_a-stdio.o)
                0x0000000000002354                __swrite
 .text.__sseek  0x00000000000023a2       0x36 c:/mounriver/mrs_community/toolchain/risc-v embedded gcc/bin/../lib/gcc/riscv-none-embed/8.2.0/../../../../riscv-none-embed/lib/rv32imac/ilp32\libg_nano.a(lib_a-stdio.o)
                0x00000000000023a2                __sseek
 .text.__sclose
                0x00000000000023d8        0x6 c:/mounriver/mrs_community/toolchain/risc-v embedded gcc/bin/../lib/gcc/riscv-none-embed/8.2.0/../../../../riscv-none-embed/lib/rv32imac/ilp32\libg_nano.a(lib_a-stdio.o)
                0x00000000000023d8                __sclose
 .text._write_r
                0x00000000000023de       0x2e c:/mounriver/mrs_community/toolchain/risc-v embedded gcc/bin/../lib/gcc/riscv-none-embed/8.2.0/../../../../riscv-none-embed/lib/rv32imac/ilp32\libg_nano.a(lib_a-writer.o)
                0x00000000000023de                _write_r
 .text._close_r
                0x000000000000240c       0x28 c:/mounriver/mrs_community/toolchain/risc-v embedded gcc/bin/../lib/gcc/riscv-none-embed/8.2.0/../../../../riscv-none-embed/lib/rv32imac/ilp32\libg_nano.a(lib_a-closer.o)
                0x000000000000240c                _close_r
 .text._fstat_r
                0x0000000000002434       0x2a c:/mounriver/mrs_community/toolchain/risc-v embedded gcc/bin/../lib/gcc/riscv-none-embed/8.2.0/../../../../riscv-none-embed/lib/rv32imac/ilp32\libg_nano.a(lib_a-fstatr.o)
                0x0000000000002434                _fstat_r
 .text._isatty_r
                0x000000000000245e       0x28 c:/mounriver/mrs_community/toolchain/risc-v embedded gcc/bin/../lib/gcc/riscv-none-embed/8.2.0/../../../../riscv-none-embed/lib/rv32imac/ilp32\libg_nano.a(lib_a-isattyr.o)
                0x000000000000245e                _isatty_r
 .text._lseek_r
                0x0000000000002486       0x2c c:/mounriver/mrs_community/toolchain/risc-v embedded gcc/bin/../lib/gcc/riscv-none-embed/8.2.0/../../../../riscv-none-embed/lib/rv32imac/ilp32\libg_nano.a(lib_a-lseekr.o)
                0x0000000000002486                _lseek_r
 .text.memchr   0x00000000000024b2       0x1a c:/mounriver/mrs_community/toolchain/risc-v embedded gcc/bin/../lib/gcc/riscv-none-embed/8.2.0/../../../../riscv-none-embed/lib/rv32imac/ilp32\libg_nano.a(lib_a-memchr.o)
                0x00000000000024b2                memchr
 .text.__malloc_lock
                0x00000000000024cc        0x2 c:/mounriver/mrs_community/toolchain/risc-v embedded gcc/bin/../lib/gcc/riscv-none-embed/8.2.0/../../../../riscv-none-embed/lib/rv32imac/ilp32\libg_nano.a(lib_a-mlock.o)
                0x00000000000024cc                __malloc_lock
 .text.__malloc_unlock
                0x00000000000024ce        0x2 c:/mounriver/mrs_community/toolchain/risc-v embedded gcc/bin/../lib/gcc/riscv-none-embed/8.2.0/../../../../riscv-none-embed/lib/rv32imac/ilp32\libg_nano.a(lib_a-mlock.o)
                0x00000000000024ce                __malloc_unlock
 .text._read_r  0x00000000000024d0       0x2c c:/mounriver/mrs_community/toolchain/risc-v embedded gcc/bin/../lib/gcc/riscv-none-embed/8.2.0/../../../../riscv-none-embed/lib/rv32imac/ilp32\libg_nano.a(lib_a-readr.o)
                0x00000000000024d0                _read_r
 .text._close   0x00000000000024fc        0xc c:/mounriver/mrs_community/toolchain/risc-v embedded gcc/bin/../lib/gcc/riscv-none-embed/8.2.0/../../../../riscv-none-embed/lib/rv32imac/ilp32\libnosys.a(close.o)
                0x00000000000024fc                _close
 .text._fstat   0x0000000000002508        0xc c:/mounriver/mrs_community/toolchain/risc-v embedded gcc/bin/../lib/gcc/riscv-none-embed/8.2.0/../../../../riscv-none-embed/lib/rv32imac/ilp32\libnosys.a(fstat.o)
                0x0000000000002508                _fstat
 .text._isatty  0x0000000000002514        0xc c:/mounriver/mrs_community/toolchain/risc-v embedded gcc/bin/../lib/gcc/riscv-none-embed/8.2.0/../../../../riscv-none-embed/lib/rv32imac/ilp32\libnosys.a(isatty.o)
                0x0000000000002514                _isatty
 .text._lseek   0x0000000000002520        0xc c:/mounriver/mrs_community/toolchain/risc-v embedded gcc/bin/../lib/gcc/riscv-none-embed/8.2.0/../../../../riscv-none-embed/lib/rv32imac/ilp32\libnosys.a(lseek.o)
                0x0000000000002520                _lseek
 .text._read    0x000000000000252c        0xc c:/mounriver/mrs_community/toolchain/risc-v embedded gcc/bin/../lib/gcc/riscv-none-embed/8.2.0/../../../../riscv-none-embed/lib/rv32imac/ilp32\libnosys.a(read.o)
                0x000000000000252c                _read
 *(.rodata)
 *(.rodata*)
 .rodata.Font11x18
                0x0000000000002538      0xd5c ./User/fonts.o
 .rodata.main.str1.4
                0x0000000000003294       0x48 ./User/main.o
 .rodata.__sf_fake_stderr
                0x00000000000032dc       0x20 c:/mounriver/mrs_community/toolchain/risc-v embedded gcc/bin/../lib/gcc/riscv-none-embed/8.2.0/../../../../riscv-none-embed/lib/rv32imac/ilp32\libg_nano.a(lib_a-findfp.o)
                0x00000000000032dc                __sf_fake_stderr
 .rodata.__sf_fake_stdin
                0x00000000000032fc       0x20 c:/mounriver/mrs_community/toolchain/risc-v embedded gcc/bin/../lib/gcc/riscv-none-embed/8.2.0/../../../../riscv-none-embed/lib/rv32imac/ilp32\libg_nano.a(lib_a-findfp.o)
                0x00000000000032fc                __sf_fake_stdin
 .rodata.__sf_fake_stdout
                0x000000000000331c       0x20 c:/mounriver/mrs_community/toolchain/risc-v embedded gcc/bin/../lib/gcc/riscv-none-embed/8.2.0/../../../../riscv-none-embed/lib/rv32imac/ilp32\libg_nano.a(lib_a-findfp.o)
                0x000000000000331c                __sf_fake_stdout
 .rodata._vfprintf_r.str1.4
                0x000000000000333c       0x13 c:/mounriver/mrs_community/toolchain/risc-v embedded gcc/bin/../lib/gcc/riscv-none-embed/8.2.0/../../../../riscv-none-embed/lib/rv32imac/ilp32\libg_nano.a(lib_a-nano-vfprintf.o)
 *fill*         0x000000000000334f        0x1 
 .rodata._printf_i.str1.4
                0x0000000000003350       0x28 c:/mounriver/mrs_community/toolchain/risc-v embedded gcc/bin/../lib/gcc/riscv-none-embed/8.2.0/../../../../riscv-none-embed/lib/rv32imac/ilp32\libg_nano.a(lib_a-nano-vfprintf_i.o)
                                         0x25 (size before relaxing)
 *(.gnu.linkonce.t.*)
                0x0000000000003378                . = ALIGN (0x4)

.rela.dyn       0x0000000000003378        0x0
 .rela.init     0x0000000000003378        0x0 ./User/ch32v30x_it.o
 .rela.vector   0x0000000000003378        0x0 ./User/ch32v30x_it.o
 .rela.text.handle_reset
                0x0000000000003378        0x0 ./User/ch32v30x_it.o
 .rela.text._sbrk
                0x0000000000003378        0x0 ./User/ch32v30x_it.o
 .rela.sdata.curbrk.5218
                0x0000000000003378        0x0 ./User/ch32v30x_it.o
 .rela.text._vfprintf_r
                0x0000000000003378        0x0 ./User/ch32v30x_it.o
 .rela.text._sbrk_r
                0x0000000000003378        0x0 ./User/ch32v30x_it.o
 .rela.text._write_r
                0x0000000000003378        0x0 ./User/ch32v30x_it.o
 .rela.text._close_r
                0x0000000000003378        0x0 ./User/ch32v30x_it.o
 .rela.text._fstat_r
                0x0000000000003378        0x0 ./User/ch32v30x_it.o
 .rela.text._isatty_r
                0x0000000000003378        0x0 ./User/ch32v30x_it.o
 .rela.text._lseek_r
                0x0000000000003378        0x0 ./User/ch32v30x_it.o
 .rela.text._read_r
                0x0000000000003378        0x0 ./User/ch32v30x_it.o
 .rela.text._close
                0x0000000000003378        0x0 ./User/ch32v30x_it.o
 .rela.text._fstat
                0x0000000000003378        0x0 ./User/ch32v30x_it.o
 .rela.text._isatty
                0x0000000000003378        0x0 ./User/ch32v30x_it.o
 .rela.text._lseek
                0x0000000000003378        0x0 ./User/ch32v30x_it.o
 .rela.text._read
                0x0000000000003378        0x0 ./User/ch32v30x_it.o

.fini           0x0000000000003378        0x0
 *(SORT_NONE(.fini))
                0x0000000000003378                . = ALIGN (0x4)
                [!provide]                        PROVIDE (_etext = .)
                [!provide]                        PROVIDE (_eitcm = .)

.preinit_array  0x0000000000003378        0x0
                [!provide]                        PROVIDE (__preinit_array_start = .)
 *(.preinit_array)
                [!provide]                        PROVIDE (__preinit_array_end = .)

.init_array     0x0000000000003378        0x0
                [!provide]                        PROVIDE (__init_array_start = .)
 *(SORT_BY_INIT_PRIORITY(.init_array.*) SORT_BY_INIT_PRIORITY(.ctors.*))
 *(.init_array EXCLUDE_FILE(*crtend?.o *crtend.o *crtbegin?.o *crtbegin.o) .ctors)
                [!provide]                        PROVIDE (__init_array_end = .)

.fini_array     0x0000000000003378        0x0
                [!provide]                        PROVIDE (__fini_array_start = .)
 *(SORT_BY_INIT_PRIORITY(.fini_array.*) SORT_BY_INIT_PRIORITY(.dtors.*))
 *(.fini_array EXCLUDE_FILE(*crtend?.o *crtend.o *crtbegin?.o *crtbegin.o) .dtors)
                [!provide]                        PROVIDE (__fini_array_end = .)

.ctors
 *crtbegin.o(.ctors)
 *crtbegin?.o(.ctors)
 *(EXCLUDE_FILE(*crtend?.o *crtend.o) .ctors)
 *(SORT_BY_NAME(.ctors.*))
 *(.ctors)

.dtors
 *crtbegin.o(.dtors)
 *crtbegin?.o(.dtors)
 *(EXCLUDE_FILE(*crtend?.o *crtend.o) .dtors)
 *(SORT_BY_NAME(.dtors.*))
 *(.dtors)

.dalign         0x0000000020000000        0x0 load address 0x0000000000003378
                0x0000000020000000                . = ALIGN (0x4)
                0x0000000020000000                PROVIDE (_data_vma = .)

.dlalign        0x0000000000003378        0x0
                0x0000000000003378                . = ALIGN (0x4)
                0x0000000000003378                PROVIDE (_data_lma = .)

.data           0x0000000020000000       0xa0 load address 0x0000000000003378
 *(.gnu.linkonce.r.*)
 *(.data .data.*)
 .data.AHBPrescTable
                0x0000000020000000       0x10 ./User/system_ch32v30x.o
                0x0000000020000000                AHBPrescTable
 .data.APBAHBPrescTable
                0x0000000020000010       0x10 ./Peripheral/src/ch32v30x_rcc.o
 .data.impure_data
                0x0000000020000020       0x60 c:/mounriver/mrs_community/toolchain/risc-v embedded gcc/bin/../lib/gcc/riscv-none-embed/8.2.0/../../../../riscv-none-embed/lib/rv32imac/ilp32\libg_nano.a(lib_a-impure.o)
 *(.gnu.linkonce.d.*)
                0x0000000020000080                . = ALIGN (0x8)
                0x0000000020000880                PROVIDE (__global_pointer$ = (. + 0x800))
 *(.sdata .sdata.*)
 .sdata.Font_11x18
                0x0000000020000080        0x8 ./User/fonts.o
                0x0000000020000080                Font_11x18
 .sdata.SystemCoreClock
                0x0000000020000088        0x4 ./User/system_ch32v30x.o
                0x0000000020000088                SystemCoreClock
 .sdata.ADCPrescTable
                0x000000002000008c        0x4 ./Peripheral/src/ch32v30x_rcc.o
 .sdata.curbrk.5218
                0x0000000020000090        0x4 ./Debug/debug.o
 .sdata._impure_ptr
                0x0000000020000094        0x4 c:/mounriver/mrs_community/toolchain/risc-v embedded gcc/bin/../lib/gcc/riscv-none-embed/8.2.0/../../../../riscv-none-embed/lib/rv32imac/ilp32\libg_nano.a(lib_a-impure.o)
                0x0000000020000094                _impure_ptr
 *(.sdata2.*)
 .sdata2._global_impure_ptr
                0x0000000020000098        0x4 c:/mounriver/mrs_community/toolchain/risc-v embedded gcc/bin/../lib/gcc/riscv-none-embed/8.2.0/../../../../riscv-none-embed/lib/rv32imac/ilp32\libg_nano.a(lib_a-impure.o)
                0x0000000020000098                _global_impure_ptr
 *(.gnu.linkonce.s.*)
                0x00000000200000a0                . = ALIGN (0x8)
 *fill*         0x000000002000009c        0x4 
 *(.srodata.cst16)
 *(.srodata.cst8)
 *(.srodata.cst4)
 *(.srodata.cst2)
 *(.srodata .srodata.*)
                0x00000000200000a0                . = ALIGN (0x4)
                0x00000000200000a0                PROVIDE (_edata = .)

.bss            0x00000000200000a0       0x14 load address 0x0000000000003418
                0x00000000200000a0                . = ALIGN (0x4)
                0x00000000200000a0                PROVIDE (_sbss = .)
 *(.sbss*)
 .sbss.NVIC_Priority_Group
                0x00000000200000a0        0x4 ./Peripheral/src/ch32v30x_misc.o
                0x00000000200000a0                NVIC_Priority_Group
 .sbss.p_ms     0x00000000200000a4        0x2 ./Debug/debug.o
 .sbss.p_us     0x00000000200000a6        0x1 ./Debug/debug.o
 *fill*         0x00000000200000a7        0x1 
 .sbss.__malloc_free_list
                0x00000000200000a8        0x4 c:/mounriver/mrs_community/toolchain/risc-v embedded gcc/bin/../lib/gcc/riscv-none-embed/8.2.0/../../../../riscv-none-embed/lib/rv32imac/ilp32\libg_nano.a(lib_a-nano-mallocr.o)
                0x00000000200000a8                __malloc_free_list
 .sbss.__malloc_sbrk_start
                0x00000000200000ac        0x4 c:/mounriver/mrs_community/toolchain/risc-v embedded gcc/bin/../lib/gcc/riscv-none-embed/8.2.0/../../../../riscv-none-embed/lib/rv32imac/ilp32\libg_nano.a(lib_a-nano-mallocr.o)
                0x00000000200000ac                __malloc_sbrk_start
 *(.gnu.linkonce.sb.*)
 *(.bss*)
 *(.gnu.linkonce.b.*)
 *(COMMON*)
 COMMON         0x00000000200000b0        0x4 c:/mounriver/mrs_community/toolchain/risc-v embedded gcc/bin/../lib/gcc/riscv-none-embed/8.2.0/../../../../riscv-none-embed/lib/rv32imac/ilp32\libg_nano.a(lib_a-reent.o)
                0x00000000200000b0                errno
                0x00000000200000b4                . = ALIGN (0x4)
                0x00000000200000b4                PROVIDE (_ebss = .)
                0x00000000200000b4                PROVIDE (_end = _ebss)
                [!provide]                        PROVIDE (end = .)

.stack          0x0000000020007800      0x800
                0x0000000020007800                PROVIDE (_heap_end = .)
                0x0000000020007800                . = ALIGN (0x4)
                [!provide]                        PROVIDE (_susrstack = .)
                0x0000000020008000                . = (. + __stack_size)
 *fill*         0x0000000020007800      0x800 
                0x0000000020008000                PROVIDE (_eusrstack = .)
OUTPUT(SPI_ILI9341.elf elf32-littleriscv)

.debug_info     0x0000000000000000     0xbc5c
 .debug_info    0x0000000000000000      0x962 ./User/ch32v30x_it.o
 .debug_info    0x0000000000000962      0x1aa ./User/fonts.o
 .debug_info    0x0000000000000b0c     0x1c5d ./User/ili9341.o
 .debug_info    0x0000000000002769     0x10c3 ./User/main.o
 .debug_info    0x000000000000382c      0xb89 ./User/system_ch32v30x.o
 .debug_info    0x00000000000043b5       0x22 ./Startup/startup_ch32v30x_D8C.o
 .debug_info    0x00000000000043d7      0xab2 ./Peripheral/src/ch32v30x_dbgmcu.o
 .debug_info    0x0000000000004e89     0x1104 ./Peripheral/src/ch32v30x_gpio.o
 .debug_info    0x0000000000005f8d     0x1082 ./Peripheral/src/ch32v30x_misc.o
 .debug_info    0x000000000000700f     0x156e ./Peripheral/src/ch32v30x_rcc.o
 .debug_info    0x000000000000857d     0x12f8 ./Peripheral/src/ch32v30x_spi.o
 .debug_info    0x0000000000009875     0x14cb ./Peripheral/src/ch32v30x_usart.o
 .debug_info    0x000000000000ad40      0xf1c ./Debug/debug.o

.debug_abbrev   0x0000000000000000     0x204a
 .debug_abbrev  0x0000000000000000      0x1cf ./User/ch32v30x_it.o
 .debug_abbrev  0x00000000000001cf       0xaa ./User/fonts.o
 .debug_abbrev  0x0000000000000279      0x302 ./User/ili9341.o
 .debug_abbrev  0x000000000000057b      0x2d8 ./User/main.o
 .debug_abbrev  0x0000000000000853      0x2c0 ./User/system_ch32v30x.o
 .debug_abbrev  0x0000000000000b13       0x12 ./Startup/startup_ch32v30x_D8C.o
 .debug_abbrev  0x0000000000000b25      0x2f7 ./Peripheral/src/ch32v30x_dbgmcu.o
 .debug_abbrev  0x0000000000000e1c      0x2fe ./Peripheral/src/ch32v30x_gpio.o
 .debug_abbrev  0x000000000000111a      0x2d8 ./Peripheral/src/ch32v30x_misc.o
 .debug_abbrev  0x00000000000013f2      0x351 ./Peripheral/src/ch32v30x_rcc.o
 .debug_abbrev  0x0000000000001743      0x307 ./Peripheral/src/ch32v30x_spi.o
 .debug_abbrev  0x0000000000001a4a      0x307 ./Peripheral/src/ch32v30x_usart.o
 .debug_abbrev  0x0000000000001d51      0x2f9 ./Debug/debug.o

.debug_aranges  0x0000000000000000      0x650
 .debug_aranges
                0x0000000000000000       0x28 ./User/ch32v30x_it.o
 .debug_aranges
                0x0000000000000028       0x18 ./User/fonts.o
 .debug_aranges
                0x0000000000000040       0xb8 ./User/ili9341.o
 .debug_aranges
                0x00000000000000f8       0x28 ./User/main.o
 .debug_aranges
                0x0000000000000120       0x28 ./User/system_ch32v30x.o
 .debug_aranges
                0x0000000000000148       0x30 ./Startup/startup_ch32v30x_D8C.o
 .debug_aranges
                0x0000000000000178       0x48 ./Peripheral/src/ch32v30x_dbgmcu.o
 .debug_aranges
                0x00000000000001c0       0xa8 ./Peripheral/src/ch32v30x_gpio.o
 .debug_aranges
                0x0000000000000268       0x28 ./Peripheral/src/ch32v30x_misc.o
 .debug_aranges
                0x0000000000000290      0x1a8 ./Peripheral/src/ch32v30x_rcc.o
 .debug_aranges
                0x0000000000000438       0xd0 ./Peripheral/src/ch32v30x_spi.o
 .debug_aranges
                0x0000000000000508      0x100 ./Peripheral/src/ch32v30x_usart.o
 .debug_aranges
                0x0000000000000608       0x48 ./Debug/debug.o

.debug_ranges   0x0000000000000000      0x5f8
 .debug_ranges  0x0000000000000000       0x18 ./User/ch32v30x_it.o
 .debug_ranges  0x0000000000000018       0xf0 ./User/ili9341.o
 .debug_ranges  0x0000000000000108       0x18 ./User/main.o
 .debug_ranges  0x0000000000000120       0x30 ./User/system_ch32v30x.o
 .debug_ranges  0x0000000000000150       0x28 ./Startup/startup_ch32v30x_D8C.o
 .debug_ranges  0x0000000000000178       0x50 ./Peripheral/src/ch32v30x_dbgmcu.o
 .debug_ranges  0x00000000000001c8       0x98 ./Peripheral/src/ch32v30x_gpio.o
 .debug_ranges  0x0000000000000260       0x18 ./Peripheral/src/ch32v30x_misc.o
 .debug_ranges  0x0000000000000278      0x198 ./Peripheral/src/ch32v30x_rcc.o
 .debug_ranges  0x0000000000000410       0xc0 ./Peripheral/src/ch32v30x_spi.o
 .debug_ranges  0x00000000000004d0       0xf0 ./Peripheral/src/ch32v30x_usart.o
 .debug_ranges  0x00000000000005c0       0x38 ./Debug/debug.o

.debug_line     0x0000000000000000     0x7253
 .debug_line    0x0000000000000000      0x211 ./User/ch32v30x_it.o
 .debug_line    0x0000000000000211      0x168 ./User/fonts.o
 .debug_line    0x0000000000000379      0xc36 ./User/ili9341.o
 .debug_line    0x0000000000000faf      0x641 ./User/main.o
 .debug_line    0x00000000000015f0      0x761 ./User/system_ch32v30x.o
 .debug_line    0x0000000000001d51      0x356 ./Startup/startup_ch32v30x_D8C.o
 .debug_line    0x00000000000020a7      0x362 ./Peripheral/src/ch32v30x_dbgmcu.o
 .debug_line    0x0000000000002409      0xd7c ./Peripheral/src/ch32v30x_gpio.o
 .debug_line    0x0000000000003185      0x5c2 ./Peripheral/src/ch32v30x_misc.o
 .debug_line    0x0000000000003747     0x1950 ./Peripheral/src/ch32v30x_rcc.o
 .debug_line    0x0000000000005097      0xc3d ./Peripheral/src/ch32v30x_spi.o
 .debug_line    0x0000000000005cd4      0xf3a ./Peripheral/src/ch32v30x_usart.o
 .debug_line    0x0000000000006c0e      0x645 ./Debug/debug.o

.debug_str      0x0000000000000000     0x22e7
 .debug_str     0x0000000000000000      0x538 ./User/ch32v30x_it.o
                                        0x59f (size before relaxing)
 .debug_str     0x0000000000000538       0xa9 ./User/fonts.o
                                        0x1f5 (size before relaxing)
 .debug_str     0x00000000000005e1      0x2b6 ./User/ili9341.o
                                        0x8a5 (size before relaxing)
 .debug_str     0x0000000000000897      0x2f1 ./User/main.o
                                        0xa09 (size before relaxing)
 .debug_str     0x0000000000000b88       0xf5 ./User/system_ch32v30x.o
                                        0x6b5 (size before relaxing)
 .debug_str     0x0000000000000c7d       0x2e ./Startup/startup_ch32v30x_D8C.o
                                         0x60 (size before relaxing)
 .debug_str     0x0000000000000cab       0x97 ./Peripheral/src/ch32v30x_dbgmcu.o
                                        0x62f (size before relaxing)
 .debug_str     0x0000000000000d42      0x239 ./Peripheral/src/ch32v30x_gpio.o
                                        0x95a (size before relaxing)
 .debug_str     0x0000000000000f7b      0x6a5 ./Peripheral/src/ch32v30x_misc.o
                                        0xcb4 (size before relaxing)
 .debug_str     0x0000000000001620      0x5cb ./Peripheral/src/ch32v30x_rcc.o
                                        0xcb3 (size before relaxing)
 .debug_str     0x0000000000001beb      0x274 ./Peripheral/src/ch32v30x_spi.o
                                        0xa78 (size before relaxing)
 .debug_str     0x0000000000001e5f      0x409 ./Peripheral/src/ch32v30x_usart.o
                                        0xb00 (size before relaxing)
 .debug_str     0x0000000000002268       0x7f ./Debug/debug.o
                                        0x8e8 (size before relaxing)

.comment        0x0000000000000000       0x66
 .comment       0x0000000000000000       0x33 ./User/ch32v30x_it.o
                                         0x34 (size before relaxing)
 .comment       0x0000000000000033       0x33 ./User/fonts.o
                                         0x34 (size before relaxing)
 .comment       0x0000000000000066       0x34 ./User/ili9341.o
 .comment       0x0000000000000066       0x34 ./User/main.o
 .comment       0x0000000000000066       0x34 ./User/system_ch32v30x.o
 .comment       0x0000000000000066       0x34 ./Peripheral/src/ch32v30x_dbgmcu.o
 .comment       0x0000000000000066       0x34 ./Peripheral/src/ch32v30x_gpio.o
 .comment       0x0000000000000066       0x34 ./Peripheral/src/ch32v30x_misc.o
 .comment       0x0000000000000066       0x34 ./Peripheral/src/ch32v30x_rcc.o
 .comment       0x0000000000000066       0x34 ./Peripheral/src/ch32v30x_spi.o
 .comment       0x0000000000000066       0x34 ./Peripheral/src/ch32v30x_usart.o
 .comment       0x0000000000000066       0x34 ./Debug/debug.o

.debug_frame    0x0000000000000000     0x1600
 .debug_frame   0x0000000000000000       0x30 ./User/ch32v30x_it.o
 .debug_frame   0x0000000000000030      0x2b0 ./User/ili9341.o
 .debug_frame   0x00000000000002e0       0x58 ./User/main.o
 .debug_frame   0x0000000000000338       0x3c ./User/system_ch32v30x.o
 .debug_frame   0x0000000000000374       0x70 ./Peripheral/src/ch32v30x_dbgmcu.o
 .debug_frame   0x00000000000003e4      0x148 ./Peripheral/src/ch32v30x_gpio.o
 .debug_frame   0x000000000000052c       0x30 ./Peripheral/src/ch32v30x_misc.o
 .debug_frame   0x000000000000055c      0x344 ./Peripheral/src/ch32v30x_rcc.o
 .debug_frame   0x00000000000008a0      0x1ac ./Peripheral/src/ch32v30x_spi.o
 .debug_frame   0x0000000000000a4c      0x204 ./Peripheral/src/ch32v30x_usart.o
 .debug_frame   0x0000000000000c50       0x9c ./Debug/debug.o
 .debug_frame   0x0000000000000cec       0x54 c:/mounriver/mrs_community/toolchain/risc-v embedded gcc/bin/../lib/gcc/riscv-none-embed/8.2.0/../../../../riscv-none-embed/lib/rv32imac/ilp32\libg_nano.a(lib_a-printf.o)
 .debug_frame   0x0000000000000d40       0x54 c:/mounriver/mrs_community/toolchain/risc-v embedded gcc/bin/../lib/gcc/riscv-none-embed/8.2.0/../../../../riscv-none-embed/lib/rv32imac/ilp32\libg_nano.a(lib_a-puts.o)
 .debug_frame   0x0000000000000d94       0x50 c:/mounriver/mrs_community/toolchain/risc-v embedded gcc/bin/../lib/gcc/riscv-none-embed/8.2.0/../../../../riscv-none-embed/lib/rv32imac/ilp32\libg_nano.a(lib_a-wbuf.o)
 .debug_frame   0x0000000000000de4       0x3c c:/mounriver/mrs_community/toolchain/risc-v embedded gcc/bin/../lib/gcc/riscv-none-embed/8.2.0/../../../../riscv-none-embed/lib/rv32imac/ilp32\libg_nano.a(lib_a-wsetup.o)
 .debug_frame   0x0000000000000e20       0x7c c:/mounriver/mrs_community/toolchain/risc-v embedded gcc/bin/../lib/gcc/riscv-none-embed/8.2.0/../../../../riscv-none-embed/lib/rv32imac/ilp32\libg_nano.a(lib_a-fflush.o)
 .debug_frame   0x0000000000000e9c      0x148 c:/mounriver/mrs_community/toolchain/risc-v embedded gcc/bin/../lib/gcc/riscv-none-embed/8.2.0/../../../../riscv-none-embed/lib/rv32imac/ilp32\libg_nano.a(lib_a-findfp.o)
 .debug_frame   0x0000000000000fe4       0x88 c:/mounriver/mrs_community/toolchain/risc-v embedded gcc/bin/../lib/gcc/riscv-none-embed/8.2.0/../../../../riscv-none-embed/lib/rv32imac/ilp32\libg_nano.a(lib_a-fwalk.o)
 .debug_frame   0x000000000000106c       0x64 c:/mounriver/mrs_community/toolchain/risc-v embedded gcc/bin/../lib/gcc/riscv-none-embed/8.2.0/../../../../riscv-none-embed/lib/rv32imac/ilp32\libg_nano.a(lib_a-makebuf.o)
 .debug_frame   0x00000000000010d0       0x40 c:/mounriver/mrs_community/toolchain/risc-v embedded gcc/bin/../lib/gcc/riscv-none-embed/8.2.0/../../../../riscv-none-embed/lib/rv32imac/ilp32\libg_nano.a(lib_a-nano-freer.o)
 .debug_frame   0x0000000000001110       0x40 c:/mounriver/mrs_community/toolchain/risc-v embedded gcc/bin/../lib/gcc/riscv-none-embed/8.2.0/../../../../riscv-none-embed/lib/rv32imac/ilp32\libg_nano.a(lib_a-nano-mallocr.o)
 .debug_frame   0x0000000000001150       0xd0 c:/mounriver/mrs_community/toolchain/risc-v embedded gcc/bin/../lib/gcc/riscv-none-embed/8.2.0/../../../../riscv-none-embed/lib/rv32imac/ilp32\libg_nano.a(lib_a-nano-vfprintf.o)
 .debug_frame   0x0000000000001220       0x8c c:/mounriver/mrs_community/toolchain/risc-v embedded gcc/bin/../lib/gcc/riscv-none-embed/8.2.0/../../../../riscv-none-embed/lib/rv32imac/ilp32\libg_nano.a(lib_a-nano-vfprintf_i.o)
 .debug_frame   0x00000000000012ac       0x30 c:/mounriver/mrs_community/toolchain/risc-v embedded gcc/bin/../lib/gcc/riscv-none-embed/8.2.0/../../../../riscv-none-embed/lib/rv32imac/ilp32\libg_nano.a(lib_a-sbrkr.o)
 .debug_frame   0x00000000000012dc       0xa4 c:/mounriver/mrs_community/toolchain/risc-v embedded gcc/bin/../lib/gcc/riscv-none-embed/8.2.0/../../../../riscv-none-embed/lib/rv32imac/ilp32\libg_nano.a(lib_a-stdio.o)
 .debug_frame   0x0000000000001380       0x30 c:/mounriver/mrs_community/toolchain/risc-v embedded gcc/bin/../lib/gcc/riscv-none-embed/8.2.0/../../../../riscv-none-embed/lib/rv32imac/ilp32\libg_nano.a(lib_a-writer.o)
 .debug_frame   0x00000000000013b0       0x30 c:/mounriver/mrs_community/toolchain/risc-v embedded gcc/bin/../lib/gcc/riscv-none-embed/8.2.0/../../../../riscv-none-embed/lib/rv32imac/ilp32\libg_nano.a(lib_a-closer.o)
 .debug_frame   0x00000000000013e0       0x30 c:/mounriver/mrs_community/toolchain/risc-v embedded gcc/bin/../lib/gcc/riscv-none-embed/8.2.0/../../../../riscv-none-embed/lib/rv32imac/ilp32\libg_nano.a(lib_a-fstatr.o)
 .debug_frame   0x0000000000001410       0x30 c:/mounriver/mrs_community/toolchain/risc-v embedded gcc/bin/../lib/gcc/riscv-none-embed/8.2.0/../../../../riscv-none-embed/lib/rv32imac/ilp32\libg_nano.a(lib_a-isattyr.o)
 .debug_frame   0x0000000000001440       0x30 c:/mounriver/mrs_community/toolchain/risc-v embedded gcc/bin/../lib/gcc/riscv-none-embed/8.2.0/../../../../riscv-none-embed/lib/rv32imac/ilp32\libg_nano.a(lib_a-lseekr.o)
 .debug_frame   0x0000000000001470       0x20 c:/mounriver/mrs_community/toolchain/risc-v embedded gcc/bin/../lib/gcc/riscv-none-embed/8.2.0/../../../../riscv-none-embed/lib/rv32imac/ilp32\libg_nano.a(lib_a-memchr.o)
 .debug_frame   0x0000000000001490       0x30 c:/mounriver/mrs_community/toolchain/risc-v embedded gcc/bin/../lib/gcc/riscv-none-embed/8.2.0/../../../../riscv-none-embed/lib/rv32imac/ilp32\libg_nano.a(lib_a-mlock.o)
 .debug_frame   0x00000000000014c0       0x30 c:/mounriver/mrs_community/toolchain/risc-v embedded gcc/bin/../lib/gcc/riscv-none-embed/8.2.0/../../../../riscv-none-embed/lib/rv32imac/ilp32\libg_nano.a(lib_a-readr.o)
 .debug_frame   0x00000000000014f0       0x70 c:/mounriver/mrs_community/toolchain/risc-v embedded gcc/bin/../lib/gcc/riscv-none-embed/8.2.0/../../../../riscv-none-embed/lib/rv32imac/ilp32\libg_nano.a(lib_a-reent.o)
 .debug_frame   0x0000000000001560       0x20 c:/mounriver/mrs_community/toolchain/risc-v embedded gcc/bin/../lib/gcc/riscv-none-embed/8.2.0/../../../../riscv-none-embed/lib/rv32imac/ilp32\libnosys.a(close.o)
 .debug_frame   0x0000000000001580       0x20 c:/mounriver/mrs_community/toolchain/risc-v embedded gcc/bin/../lib/gcc/riscv-none-embed/8.2.0/../../../../riscv-none-embed/lib/rv32imac/ilp32\libnosys.a(fstat.o)
 .debug_frame   0x00000000000015a0       0x20 c:/mounriver/mrs_community/toolchain/risc-v embedded gcc/bin/../lib/gcc/riscv-none-embed/8.2.0/../../../../riscv-none-embed/lib/rv32imac/ilp32\libnosys.a(isatty.o)
 .debug_frame   0x00000000000015c0       0x20 c:/mounriver/mrs_community/toolchain/risc-v embedded gcc/bin/../lib/gcc/riscv-none-embed/8.2.0/../../../../riscv-none-embed/lib/rv32imac/ilp32\libnosys.a(lseek.o)
 .debug_frame   0x00000000000015e0       0x20 c:/mounriver/mrs_community/toolchain/risc-v embedded gcc/bin/../lib/gcc/riscv-none-embed/8.2.0/../../../../riscv-none-embed/lib/rv32imac/ilp32\libnosys.a(read.o)

.debug_loc      0x0000000000000000     0x2b1c
 .debug_loc     0x0000000000000000      0x565 ./User/ili9341.o
 .debug_loc     0x0000000000000565       0x1f ./User/main.o
 .debug_loc     0x0000000000000584      0x11c ./User/system_ch32v30x.o
 .debug_loc     0x00000000000006a0       0x76 ./Peripheral/src/ch32v30x_dbgmcu.o
 .debug_loc     0x0000000000000716      0x7b1 ./Peripheral/src/ch32v30x_gpio.o
 .debug_loc     0x0000000000000ec7      0x243 ./Peripheral/src/ch32v30x_misc.o
 .debug_loc     0x000000000000110a      0xb0f ./Peripheral/src/ch32v30x_rcc.o
 .debug_loc     0x0000000000001c19      0x60a ./Peripheral/src/ch32v30x_spi.o
 .debug_loc     0x0000000000002223      0x7cc ./Peripheral/src/ch32v30x_usart.o
 .debug_loc     0x00000000000029ef      0x12d ./Debug/debug.o

.stab           0x0000000000000000       0x84
 .stab          0x0000000000000000       0x24 c:/mounriver/mrs_community/toolchain/risc-v embedded gcc/bin/../lib/gcc/riscv-none-embed/8.2.0/../../../../riscv-none-embed/lib/rv32imac/ilp32\libnosys.a(close.o)
 .stab          0x0000000000000024       0x18 c:/mounriver/mrs_community/toolchain/risc-v embedded gcc/bin/../lib/gcc/riscv-none-embed/8.2.0/../../../../riscv-none-embed/lib/rv32imac/ilp32\libnosys.a(fstat.o)
                                         0x24 (size before relaxing)
 .stab          0x000000000000003c       0x18 c:/mounriver/mrs_community/toolchain/risc-v embedded gcc/bin/../lib/gcc/riscv-none-embed/8.2.0/../../../../riscv-none-embed/lib/rv32imac/ilp32\libnosys.a(isatty.o)
                                         0x24 (size before relaxing)
 .stab          0x0000000000000054       0x18 c:/mounriver/mrs_community/toolchain/risc-v embedded gcc/bin/../lib/gcc/riscv-none-embed/8.2.0/../../../../riscv-none-embed/lib/rv32imac/ilp32\libnosys.a(lseek.o)
                                         0x24 (size before relaxing)
 .stab          0x000000000000006c       0x18 c:/mounriver/mrs_community/toolchain/risc-v embedded gcc/bin/../lib/gcc/riscv-none-embed/8.2.0/../../../../riscv-none-embed/lib/rv32imac/ilp32\libnosys.a(read.o)
                                         0x24 (size before relaxing)

.stabstr        0x0000000000000000      0x117
 .stabstr       0x0000000000000000      0x117 c:/mounriver/mrs_community/toolchain/risc-v embedded gcc/bin/../lib/gcc/riscv-none-embed/8.2.0/../../../../riscv-none-embed/lib/rv32imac/ilp32\libnosys.a(close.o)
